exports[`test renders the cat distance page correctly 1`] = `
<View
  style={
    Object {
      "backgroundColor": "#F1F5FF",
      "flex": 1,
      "marginTop": 64,
    }
  }>
  <ScrollView
    style={
      Object {
        "flex": 1,
        "paddingTop": 10,
      }
    }>
    <View
      accessibilityComponentType={undefined}
      accessibilityLabel={undefined}
      accessibilityTraits={undefined}
      accessible={true}
      hitSlop={undefined}
      onLayout={undefined}
      onResponderGrant={[Function]}
      onResponderMove={[Function]}
      onResponderRelease={[Function]}
      onResponderTerminate={[Function]}
      onResponderTerminationRequest={[Function]}
      onStartShouldSetResponder={[Function]}
      style={
        Array [
          Object {
            "backgroundColor": "transparent",
          },
          Array [
            Object {
              "overflow": "hidden",
            },
            undefined,
          ],
        ]
      }
      testID={undefined}>
      <View
        style={
          Array [
            Object {
              "alignItems": "center",
              "backgroundColor": "#466ECC",
              "borderRadius": 5,
              "flexDirection": "row",
              "justifyContent": "flex-start",
              "padding": 8,
            },
            undefined,
          ]
        }>
        <Text
          accessible={true}
          allowFontScaling={false}
          ellipsizeMode="tail"
          style={
            Array [
              Object {
                "color": undefined,
                "fontFamily": "FontAwesome",
                "fontSize": 12,
                "fontStyle": "normal",
                "fontWeight": "normal",
              },
              Object {
                "color": "white",
                "marginRight": 10,
              },
            ]
          }>
          
        </Text>
        <Text
          accessible={true}
          allowFontScaling={true}
          ellipsizeMode="tail"
          style={
            Object {
              "backgroundColor": "transparent",
              "color": "white",
              "fontWeight": "600",
            }
          }>
          Previous Week
        </Text>
      </View>
    </View>
    <Text
      accessible={true}
      allowFontScaling={true}
      ellipsizeMode="tail"
      style={
        Object {
          "color": "#2C457F",
          "fontWeight": "bold",
          "marginVertical": 5,
          "textAlign": "center",
        }
      }>
      Thursday 01, December 2016 - Thursday 08, December 2016
    </Text>
    <View
      accessibilityComponentType={undefined}
      accessibilityLabel={undefined}
      accessibilityTraits={undefined}
      accessible={true}
      hitSlop={undefined}
      onLayout={undefined}
      onResponderGrant={[Function]}
      onResponderMove={[Function]}
      onResponderRelease={[Function]}
      onResponderTerminate={[Function]}
      onResponderTerminationRequest={[Function]}
      onStartShouldSetResponder={[Function]}
      style={
        Array [
          Object {
            "backgroundColor": "transparent",
          },
          Array [
            Object {
              "overflow": "hidden",
            },
            undefined,
            Object {
              "opacity": 0.5,
            },
          ],
        ]
      }
      testID={undefined}>
      <View
        style={
          Array [
            Object {
              "alignItems": "center",
              "backgroundColor": "#466ECC",
              "borderRadius": 5,
              "flexDirection": "row",
              "justifyContent": "flex-start",
              "padding": 8,
            },
            undefined,
          ]
        }>
        <Text
          accessible={true}
          allowFontScaling={true}
          ellipsizeMode="tail"
          style={
            Object {
              "backgroundColor": "transparent",
              "color": "white",
              "fontWeight": "600",
            }
          }>
          Next Week
        </Text>
        <Text
          accessible={true}
          allowFontScaling={false}
          ellipsizeMode="tail"
          style={
            Array [
              Object {
                "color": undefined,
                "fontFamily": "FontAwesome",
                "fontSize": 12,
                "fontStyle": "normal",
                "fontWeight": "normal",
              },
              Object {
                "color": "white",
                "marginLeft": 10,
              },
            ]
          }>
          
        </Text>
      </View>
    </View>
    <ScrollView />
  </ScrollView>
</View>
`;
