exports[`test renders correctly 1`] = `
<ScrollView>
  <View
    style={
      Object {
        "flexDirection": "column",
        "marginBottom": 5,
        "paddingHorizontal": 10,
      }
    }>
    <Text
      accessible={true}
      allowFontScaling={true}
      ellipsizeMode="tail"
      style={
        Object {
          "color": "#2C457F",
          "fontWeight": "700",
        }
      }>
      2016-10-10
    </Text>
    <View
      style={
        Object {
          "flex": 2,
          "flexDirection": "row",
        }
      }>
      <View
        style={
          Object {
            "alignSelf": "center",
            "backgroundColor": "#466ECC",
            "borderRadius": 5,
            "height": 15,
            "marginRight": 5,
            "width": 0,
          }
        } />
      <Text
        accessible={true}
        allowFontScaling={true}
        ellipsizeMode="tail"
        style={
          Object {
            "color": "#2C457F",
            "fontWeight": "700",
          }
        }>
        10.00
      </Text>
    </View>
  </View>
</ScrollView>
`;
